
[INIT ] WannierBSE Version 1.1.0 environment ready.
[INFO ] Structure extracted from User_input/wannier90.win.
[INFO ] Wannier: Exchange Interaction is OFF. Skipping volumetric preprocessing.
[LOAD ] Dielectric: Loaded from User_input/epsilon.txt
[LOAD ] Bands: Found precomputed bands. Loading...
  -> Starting parallel pool for BSE solver kernels: 40 workers
Starting parallel pool (parpool) using the 'local' profile ...
Connected to the parallel pool (number of workers: 40).
[SOLVE] Constructing HBSE matrix...
  -> Processing subspace: v1, c1
  -> Processing subspace: v1, c2
  -> Processing subspace: v2, c1
  -> Processing subspace: v2, c2
[SOLVE] Computation time of constructing BSE matrix: 55.90 s
[SOLVE] Diagonalizing HBSE matrix...
[SOLVE] Computation time of diagonalizing BSE matrix: 637.24 s
[DONE ] Total BSE stage completed in 693.15 s
Parallel pool using the 'local' profile is shutting down.
[DONE ] Total WBSE execution time: 737.13 s
[DONE ] Execution Successful. Output saved to Exciton_data/.
