
[INIT ] WannierBSE Version 1.1.0 environment ready.
[INFO ] Structure extracted from User_input/wannier90.win.
[PRE  ] Wannier: Preparing real-space Wannier functions...
  -> Importing XSF volumetric data...
  -> XSF volumetric data imported in 404.43 s
  -> XSF cleanup skipped; source .xsf files retained.
  -> Spinor component 1/2 assembled: 22 orbitals (30.75 s)
  -> Spinor component 2/2 assembled: 22 orbitals (30.84 s)
  -> Spinor basis assembled in 146.81 s
  -> Spatial grid shifted in 174.59 s
  -> Wavefunctions normalized in 980.33 s
  -> WF centers exported with explicit spinor labels.
  -> Wannier basis reordered for the active material convention in 106.63 s
[DONE ] Wannier: Preprocessing completed in 1812.82 s. Cleanup flag: 0
[GEN  ] Dielectric: Resolving screening function...
[CACHE] Incomplete internal kmesh/TB cache. Rebuilding both...
[GEN  ] Momentum Grid: Generating sampling mesh...
[GEN  ] Bands: Resolving Wannier Tight-Binding Hamiltonian...
[LOAD ] TB: Reading WBSE k-mesh from Precomputed_data/kmesh_WBSE.txt
[LOAD ] TB: Reading User_input/wannier90.win and User_input/wannier90_hr.dat
Starting parallel pool (parpool) using the 'local' profile ...

[DONE ] TB: Wrote WBSE band files to Precomputed_data/TB_data in 103.59 s
[PRE  ] Exchange Interaction: Preparing short-range electron-hole Coulomb exchange...
  -> Starting parallel pool for exchange and BSE solver stages: 40 workers
Starting parallel pool (parpool) using the 'local' profile ...
Connected to the parallel pool (number of workers: 40).
  -> Loading Wannier functions and real-space grid...
  -> Real-space grid and Wannier cutoff region prepared in 41.30 s
  -> Calculating rho overlap density...
  -> rho overlap density completed in 599.26 s
  -> Calculating chi exchange tensor...
  -> chi exchange tensor completed in 562.93 s
[DONE ] Exchange Interaction: Short-range exchange preprocessing completed in 1206.95 s
[SOLVE] Constructing HBSE matrix...
  -> Processing subspace: v1, c1
  -> Processing subspace: v1, c2
  -> Processing subspace: v2, c1
  -> Processing subspace: v2, c2
[SOLVE] Computation time of constructing BSE matrix: 2067.13 s
[SOLVE] Diagonalizing HBSE matrix...
[SOLVE] Computation time of diagonalizing BSE matrix: 1383.69 s
[DONE ] Total BSE stage completed in 3450.82 s
Parallel pool using the 'local' profile is shutting down.
[DONE ] Total WBSE execution time: 6682.00 s
[DONE ] Execution Successful. Output saved to Exciton_data/.
