
[INIT ] WannierBSE Version 1.1.0 environment ready.
[INFO ] Structure extracted from User_input/wannier90.win.
[INFO ] Wannier: Exchange Interaction is OFF. Skipping volumetric preprocessing.
[GEN  ] Wannier: Generating WF_centers_WBSE.txt...
  -> WF centers exported with explicit spinor labels.
[GEN  ] Dielectric: Resolving screening function...
[CACHE] Incomplete internal kmesh/TB cache. Rebuilding both...
[GEN  ] Momentum Grid: Generating sampling mesh...
[GEN  ] Bands: Resolving Wannier Tight-Binding Hamiltonian...
[LOAD ] TB: Reading WBSE k-mesh from Precomputed_data/kmesh_WBSE.txt
[LOAD ] TB: Reading User_input/wannier90.win and User_input/wannier90_hr.dat
Starting parallel pool (parpool) using the 'local' profile ...
Connected to the parallel pool (number of workers: 12).
[DONE ] TB: Wrote WBSE band files to Precomputed_data/TB_data in 121.55 s
  -> Starting parallel pool for BSE solver kernels: 40 workers
Parallel pool using the 'local' profile is shutting down.
Starting parallel pool (parpool) using the 'local' profile ...
Connected to the parallel pool (number of workers: 40).
[SOLVE] Constructing HBSE matrix...
  -> Processing subspace: v1, c1
  -> Processing subspace: v1, c2
  -> Processing subspace: v2, c1
  -> Processing subspace: v2, c2
[SOLVE] Computation time of constructing BSE matrix: 60.77 s
[SOLVE] Diagonalizing HBSE matrix...
[SOLVE] Computation time of diagonalizing BSE matrix: 608.51 s
[DONE ] Total BSE stage completed in 669.28 s
Parallel pool using the 'local' profile is shutting down.
[DONE ] Total WBSE execution time: 842.77 s
[DONE ] Execution Successful. Output saved to Exciton_data/.
