
[INIT ] WannierBSE Version 1.1.0 environment ready.
[INFO ] Structure extracted from User_input/wannier90.win.
[CACHE] Wannier: Precomputed chi requested. Skipping volumetric preprocessing.

[INIT ] WannierBSE Version 1.1.0 environment ready.
[INFO ] Structure extracted from User_input/wannier90.win.
[CACHE] Wannier: Precomputed chi requested. Skipping volumetric preprocessing.
[CACHE] Dielectric: Loaded from Precomputed_data/epsilon_WBSE.txt
[LOAD ] Bands: Found precomputed bands. Loading...
  -> Starting parallel pool for BSE solver kernels: 40 workers
[CACHE] Dielectric: Loaded from Precomputed_data/epsilon_WBSE.txt
[LOAD ] Bands: Found precomputed bands. Loading...
  -> Starting parallel pool for BSE solver kernels: 40 workers
Starting parallel pool (parpool) using the 'local' profile ...
Starting parallel pool (parpool) using the 'local' profile ...


{Error using parpool (line 151)
Parallel pool failed to start with the following error. For more detailed
information, validate the profile 'local' in the Cluster Profile Manager.

Error in WBSE (line 320)
    parpool('local', Npar_HBSE);

Caused by:
    Error using
    parallel.internal.pool.AbstractInteractiveClient>iThrowWithCause (line 313)
    Failed to initialize the interactive session.
        Error using
        parallel.internal.pool.AbstractInteractiveClient>iThrowIfBadParallelJobStatus
        (line 407)
        The interactive communicating job failed with no message.
} 
{Error using parpool (line 151)
Parallel pool failed to start with the following error. For more detailed
information, validate the profile 'local' in the Cluster Profile Manager.

Error in WBSE (line 320)
    parpool('local', Npar_HBSE);

Caused by:
    Error using
    parallel.internal.pool.AbstractInteractiveClient>iThrowWithCause (line 313)
    Failed to initialize the interactive session.
        Error using
        parallel.internal.pool.AbstractInteractiveClient>iThrowIfBadParallelJobStatus
        (line 407)
        The interactive communicating job failed with no message.
} 
  -> Processing subspace: v1, c2
  -> Processing subspace: v2, c1
  -> Processing subspace: v2, c2
[SOLVE] Computation time of constructing BSE matrix: 2545.14 s
[SOLVE] Diagonalizing HBSE matrix...
[SOLVE] Computation time of diagonalizing BSE matrix: 834.98 s
[DONE ] Total BSE stage completed in 3380.12 s
Parallel pool using the 'local' profile is shutting down.
[DONE ] Total WBSE execution time: 3425.64 s
[DONE ] Execution Successful. Output saved to Exciton_data/.
