
[INIT ] WannierBSE Version 1.1.0 environment ready.
[INFO ] Structure extracted from User_input/wannier90.win.
[CACHE] Wannier: Precomputed chi requested. Skipping volumetric preprocessing.
[LOAD ] Dielectric: Loaded from User_input/epsilon.txt
[LOAD ] Bands: Found precomputed bands. Loading...
  -> Starting parallel pool for BSE solver kernels: 40 workers
Starting parallel pool (parpool) using the 'local' profile ...
Connected to the parallel pool (number of workers: 40).
[LOAD ] Exchange Interaction: Loading precomputed chi/R_mNN tensors...
  -> Source: Precomputed_data/Exchange_interaction
  -> Precomputed exchange tensors loaded and validated.
[SOLVE] Constructing HBSE matrix...
  -> Processing subspace: v1, c1
  -> Processing subspace: v1, c2
  -> Processing subspace: v2, c1
  -> Processing subspace: v2, c2
[SOLVE] Computation time of constructing BSE matrix: 802.21 s
[SOLVE] Diagonalizing HBSE matrix...
[SOLVE] Computation time of diagonalizing BSE matrix: 1093.99 s
[DONE ] Total BSE stage completed in 1896.20 s
Parallel pool using the 'local' profile is shutting down.
[DONE ] Total WBSE execution time: 1947.85 s
[DONE ] Execution Successful. Output saved to Exciton_data/.
